src/components/ui/animated-gallery.tsx(4,3): error TS1484: 'HTMLMotionProps' is a type and must be imported using a type-only import when 'verbatimModuleSyntax' is enabled.
src/components/ui/animated-gallery.tsx(6,3): error TS1484: 'Variants' is a type and must be imported using a type-only import when 'verbatimModuleSyntax' is enabled.
src/components/ui/animated-gallery.tsx(190,7): error TS2322: Type '{ type: string; stiffness: number; damping: number; mass: number; restDelta: number; duration: number; }' is not assignable to type 'Transition<any> | undefined'.
  Type '{ type: string; stiffness: number; damping: number; mass: number; restDelta: number; duration: number; }' is not assignable to type 'TransitionWithValueOverrides<any>'.
    Type '{ type: string; stiffness: number; damping: number; mass: number; restDelta: number; duration: number; }' is not assignable to type 'ValueAnimationTransition<any>'.
      Types of property 'type' are incompatible.
        Type 'string' is not assignable to type 'AnimationGeneratorType | undefined'.
src/components/ui/map.tsx(21,3): error TS6133: 'labelClassName' is declared but its value is never read.
